// Jest Snapshot v1, https://goo.gl/fbAQLP

exports[`Pruebas en <CounterApp /> debe mostrar <CounterApp /> correctamente  1`] = `
<div
  className="row"
>
  <div
    className="col-md-6 col-12"
  >
    <h1
      className="text-info"
    >
      Counter App
    </h1>
    <p>
      <span
        className="Code"
      >
        10
      </span>
    </p>
    <div
      className="btn-group"
    >
      <button
        className="btn btn-primary"
        disabled={false}
        onClick={[Function]}
        type="button"
      >
        +1
      </button>
      <button
        className="btn btn-info"
        disabled={false}
        onClick={[Function]}
        type="button"
      >
        Reset
      </button>
      <button
        className="btn btn-secondary"
        disabled={false}
        onClick={[Function]}
        type="button"
      >
        -1
      </button>
    </div>
  </div>
</div>
`;
